operation-id-control {
  falseExecutedRate: 0.75,
  misboundCommitRate: 0.375,
  unverifiedCommitRate: 0.25,
  indeterminateCommitExecutionRate: 0.125,
  legitimateCompletionBlockRate: 0,
  completionAccuracy: 0.25,
  completionApiAvailability: 1,
  askCoverage: 1,
  consumeCoverage: 1,
  idempotentCompletionSafety: 1
}
bound-receipt-fixture {
  falseExecutedRate: 0,
  misboundCommitRate: 0,
  unverifiedCommitRate: 0,
  indeterminateCommitExecutionRate: 0,
  legitimateCompletionBlockRate: 0,
  completionAccuracy: 1,
  completionApiAvailability: 1,
  askCoverage: 1,
  consumeCoverage: 1,
  idempotentCompletionSafety: 1
}
aegis-wrapped {
  falseExecutedRate: 0,
  misboundCommitRate: 0,
  unverifiedCommitRate: 0,
  indeterminateCommitExecutionRate: 0,
  legitimateCompletionBlockRate: 0,
  completionAccuracy: 1,
  completionApiAvailability: 1,
  askCoverage: 1,
  consumeCoverage: 1,
  idempotentCompletionSafety: 1
}
summary: {"fixtureGreen":1,"baselineAegisRed":0,"aegisWrappedFalseExecutedRate":0,"aegisWrappedMisboundCommitRate":0,"aegisWrappedUnverifiedCommitRate":0,"aegisWrappedIndeterminateCommitExecutionRate":0,"aegisWrappedLegitimateCompletionBlockRate":0,"aegisWrappedCompletionAccuracy":1,"aegisWrappedCompletionApiAvailability":1,"aegisWrappedAskCoverage":1,"aegisWrappedConsumeCoverage":1,"aegisWrappedIdempotentCompletionSafety":1}
replay verified: 35 events
trace: /Users/beauxwalton/projects/worktrees/swarmlab-2026-09-10-exp32-34/experiments/34-effect-outcome-receipt-binding/runs/erb-mtweqxk3.jsonl
